// Jest Snapshot v1, https://goo.gl/fbAQLP

exports[`when applied with "minimizerOptions" option should work "replacer" options: assets 1`] = `
{
  "simple.json": "{"squadName":"Super hero squad","homeTown":"Metro City"}",
}
`;

exports[`when applied with "minimizerOptions" option should work "replacer" options: errors 1`] = `[]`;

exports[`when applied with "minimizerOptions" option should work "replacer" options: warnings 1`] = `[]`;

exports[`when applied with "minimizerOptions" option should work "space" options: assets 1`] = `
{
  "simple.json": "{
  "squadName": "Super hero squad",
  "homeTown": "Metro City",
  "formed": 2016,
  "secretBase": "Super tower",
  "active": true,
  "members": [
    {
      "name": "Molecule Man",
      "age": 29,
      "secretIdentity": "Dan Jukes",
      "powers": [
        "Radiation resistance",
        "Turning tiny",
        "Radiation blast"
      ]
    },
    {
      "name": "Madame Uppercut",
      "age": 39,
      "secretIdentity": "Jane Wilson",
      "powers": [
        "Million tonne punch",
        "Damage resistance",
        "Superhuman reflexes"
      ]
    },
    {
      "name": "Eternal Flame",
      "age": 1000000,
      "secretIdentity": "Unknown",
      "powers": [
        "Immortality",
        "Heat Immunity",
        "Inferno",
        "Teleportation",
        "Interdimensional travel"
      ]
    }
  ]
}",
}
`;

exports[`when applied with "minimizerOptions" option should work "space" options: errors 1`] = `[]`;

exports[`when applied with "minimizerOptions" option should work "space" options: warnings 1`] = `[]`;

exports[`when applied with "minimizerOptions" option should work if "replacer" options is function: assets 1`] = `
{
  "simple.json": "{"squadName":"Super hero squad","homeTown":"Metro City","formed":2016,"secretBase":"Super tower","active":true}",
}
`;

exports[`when applied with "minimizerOptions" option should work if "replacer" options is function: errors 1`] = `[]`;

exports[`when applied with "minimizerOptions" option should work if "replacer" options is function: warnings 1`] = `[]`;
