// Jest Snapshot v1, https://goo.gl/fbAQLP

exports[`validation 1`] = `
"Invalid options object. Json Minimizer Plugin has been initialized using an options object that does not match the API schema.
 - options.test should be one of these:
   [RegExp | non-empty string, ...] | RegExp | non-empty string
   -> Filtering rules.
   -> Read more at https://github.com/webpack-contrib/json-minimizer-webpack-plugin#test
   Details:
    * options.test should be an array:
      [RegExp | non-empty string, ...]
    * options.test should be one of these:
      RegExp | non-empty string
      -> Filtering rule as regex or string.
      Details:
       * options.test should be an instance of RegExp.
       * options.test should be a non-empty string."
`;

exports[`validation 2`] = `
"Invalid options object. Json Minimizer Plugin has been initialized using an options object that does not match the API schema.
 - options.test should be one of these:
   [RegExp | non-empty string, ...] | RegExp | non-empty string
   -> Filtering rules.
   -> Read more at https://github.com/webpack-contrib/json-minimizer-webpack-plugin#test
   Details:
    * options.test[0] should be one of these:
      RegExp | non-empty string
      -> Filtering rule as regex or string.
      Details:
       * options.test[0] should be an instance of RegExp.
       * options.test[0] should be a non-empty string."
`;

exports[`validation 3`] = `
"Invalid options object. Json Minimizer Plugin has been initialized using an options object that does not match the API schema.
 - options.include should be one of these:
   [RegExp | non-empty string, ...] | RegExp | non-empty string
   -> Filtering rules.
   -> Read more at https://github.com/webpack-contrib/json-minimizer-webpack-plugin#include
   Details:
    * options.include should be an array:
      [RegExp | non-empty string, ...]
    * options.include should be one of these:
      RegExp | non-empty string
      -> Filtering rule as regex or string.
      Details:
       * options.include should be an instance of RegExp.
       * options.include should be a non-empty string."
`;

exports[`validation 4`] = `
"Invalid options object. Json Minimizer Plugin has been initialized using an options object that does not match the API schema.
 - options.include should be one of these:
   [RegExp | non-empty string, ...] | RegExp | non-empty string
   -> Filtering rules.
   -> Read more at https://github.com/webpack-contrib/json-minimizer-webpack-plugin#include
   Details:
    * options.include[0] should be one of these:
      RegExp | non-empty string
      -> Filtering rule as regex or string.
      Details:
       * options.include[0] should be an instance of RegExp.
       * options.include[0] should be a non-empty string."
`;

exports[`validation 5`] = `
"Invalid options object. Json Minimizer Plugin has been initialized using an options object that does not match the API schema.
 - options.exclude should be one of these:
   [RegExp | non-empty string, ...] | RegExp | non-empty string
   -> Filtering rules.
   -> Read more at https://github.com/webpack-contrib/json-minimizer-webpack-plugin#exclude
   Details:
    * options.exclude should be an array:
      [RegExp | non-empty string, ...]
    * options.exclude should be one of these:
      RegExp | non-empty string
      -> Filtering rule as regex or string.
      Details:
       * options.exclude should be an instance of RegExp.
       * options.exclude should be a non-empty string."
`;

exports[`validation 6`] = `
"Invalid options object. Json Minimizer Plugin has been initialized using an options object that does not match the API schema.
 - options.exclude should be one of these:
   [RegExp | non-empty string, ...] | RegExp | non-empty string
   -> Filtering rules.
   -> Read more at https://github.com/webpack-contrib/json-minimizer-webpack-plugin#exclude
   Details:
    * options.exclude[0] should be one of these:
      RegExp | non-empty string
      -> Filtering rule as regex or string.
      Details:
       * options.exclude[0] should be an instance of RegExp.
       * options.exclude[0] should be a non-empty string."
`;

exports[`validation 7`] = `
"Invalid options object. Json Minimizer Plugin has been initialized using an options object that does not match the API schema.
 - options.minimizerOptions should be an object:
   object { replacer?, space? }
   -> Options for \`jsonMinimizerOptions\`.
   -> Read more at https://github.com/webpack-contrib/json-minimizer-webpack-plugin#minimizeroptions"
`;

exports[`validation 8`] = `
"Invalid options object. Json Minimizer Plugin has been initialized using an options object that does not match the API schema.
 - options has an unknown property 'unknown'. These properties are valid:
   object { test?, include?, exclude?, minimizerOptions? }"
`;
